// Jest Snapshot v1, https://goo.gl/fbAQLP

exports[`Vue Apollo Handler buildApolloOptions should return a simple named query 1`] = `
Object {
  "Hello": Object {
    "query": Object {
      "definitions": Array [
        Object {
          "directives": Array [],
          "kind": "OperationDefinition",
          "name": Object {
            "kind": "Name",
            "value": "Hello",
          },
          "operation": "query",
          "selectionSet": Object {
            "kind": "SelectionSet",
            "selections": Array [
              Object {
                "alias": undefined,
                "arguments": Array [],
                "directives": Array [],
                "kind": "Field",
                "name": Object {
                  "kind": "Name",
                  "value": "world",
                },
                "selectionSet": undefined,
              },
            ],
          },
          "variableDefinitions": Array [],
        },
      ],
      "kind": "Document",
      "loc": Object {
        "end": 21,
        "start": 0,
      },
    },
  },
}
`;
